src/modules/excel/excel.module.ts(1,10): error TS2300: Duplicate identifier 'Module'.
src/modules/excel/excel.module.ts(2,10): error TS2300: Duplicate identifier 'Module'.
src/modules/payroll/payroll.service.ts(221,16): error TS2322: Type '"active"' is not assignable to type 'EmployeeStatus | FindOperator<EmployeeStatus>'.
src/modules/trade-category/trade-category.service.ts(126,27): error TS2345: Argument of type '{ code: string; name: string; payroll_rules: { paidStatuses: string[]; otRateType: string; otRate: number; otMultiplier: number; }; productivity_rules: { productivityStatuses: string[]; }; rule_version: string; }' is not assignable to parameter of type 'Partial<TradeCategory>'.
  The types of 'payroll_rules.otRateType' are incompatible between these types.
    Type 'string' is not assignable to type '"fixed" | "multiplier"'.
